// Jest Snapshot v1, https://goo.gl/fbAQLP

exports[`matches snapshot 1`] = `
<Fragment>
  <div
    className="main"
  >
    <User
      color="#F05D5E"
      key="Tine"
      name="Tine"
      score={0}
    />
    <User
      color="#1A964E"
      key="Anders"
      name="Anders"
      score={0}
    />
    <User
      color="#85C7F2"
      key="Daniel"
      name="Daniel"
      score={0}
    />
  </div>
  <div
    className="aside"
  >
    <ActionContainer
      hasSelected={false}
    />
  </div>
</Fragment>
`;
